../Core/Src/main.c:93:5:main	8	static
../Core/Src/main.c:150:6:SystemClock_Config	88	static
../Core/Src/main.c:197:13:MX_ADC1_Init	24	static
../Core/Src/main.c:249:13:MX_SPI1_Init	8	static
../Core/Src/main.c:287:13:MX_SPI2_Init	8	static
../Core/Src/main.c:325:13:MX_TIM1_Init	32	static
../Core/Src/main.c:371:13:MX_TIM2_Init	56	static
../Core/Src/main.c:420:13:MX_TIM4_Init	64	static
../Core/Src/main.c:491:13:MX_TIM5_Init	56	static
../Core/Src/main.c:540:13:MX_TIM6_Init	16	static
../Core/Src/main.c:578:13:MX_TIM9_Init	56	static
../Core/Src/main.c:630:13:MX_TIM13_Init	8	static
../Core/Src/main.c:661:13:MX_TIM14_Init	8	static
../Core/Src/main.c:692:13:MX_USART1_UART_Init	8	static
../Core/Src/main.c:723:13:MX_DMA_Init	16	static
../Core/Src/main.c:741:13:MX_GPIO_Init	48	static
../Core/Src/main.c:831:6:Error_Handler	4	static,ignoring_inline_asm
