../Core/Src/stm32l0xx_hal_msp.c:66:6:HAL_MspInit	8	static
../Core/Src/stm32l0xx_hal_msp.c:89:6:HAL_TIM_PWM_MspInit	16	static
../Core/Src/stm32l0xx_hal_msp.c:112:6:HAL_TIM_Encoder_MspInit	48	static
../Core/Src/stm32l0xx_hal_msp.c:143:6:HAL_TIM_MspPostInit	48	static
../Core/Src/stm32l0xx_hal_msp.c:175:6:HAL_TIM_PWM_MspDeInit	16	static
../Core/Src/stm32l0xx_hal_msp.c:197:6:HAL_TIM_Encoder_MspDeInit	16	static
../Core/Src/stm32l0xx_hal_msp.c:226:6:HAL_UART_MspInit	48	static
../Core/Src/stm32l0xx_hal_msp.c:263:6:HAL_UART_MspDeInit	16	static
